
  .   ____          _            __ _ _
 /\\ / ___'_ __ _ _(_)_ __  __ _ \ \ \ \
( ( )\___ | '_ | '_| | '_ \/ _` | \ \ \ \
 \\/  ___)| |_)| | | | | || (_| |  ) ) ) )
  '  |____| .__|_| |_|_| |_\__, | / / / /
 =========|_|==============|___/=/_/_/_/
 :: Spring Boot ::                (v3.2.5)

2026-05-07T12:50:11.391+05:30  INFO 23548 --- [notification-service] [           main] c.f.n.NotificationServiceApplication     : Starting NotificationServiceApplication v0.0.1-SNAPSHOT using Java 23.0.1 with PID 23548 (C:\Sprint Evaluation\FlowBoard-Backend\notification-service\target\notification-service-0.0.1-SNAPSHOT.jar started by suhan in C:\Sprint Evaluation\FlowBoard-Backend\notification-service)
2026-05-07T12:50:11.394+05:30  INFO 23548 --- [notification-service] [           main] c.f.n.NotificationServiceApplication     : No active profile set, falling back to 1 default profile: "default"
2026-05-07T12:50:12.495+05:30  INFO 23548 --- [notification-service] [           main] .s.d.r.c.RepositoryConfigurationDelegate : Bootstrapping Spring Data JPA repositories in DEFAULT mode.
2026-05-07T12:50:12.630+05:30  INFO 23548 --- [notification-service] [           main] .s.d.r.c.RepositoryConfigurationDelegate : Finished Spring Data repository scanning in 125 ms. Found 1 JPA repository interface.
2026-05-07T12:50:12.877+05:30  INFO 23548 --- [notification-service] [           main] o.s.cloud.context.scope.GenericScope     : BeanFactory id=9f63d4a4-94c6-34cb-a688-4f2f04b1970c
2026-05-07T12:50:13.042+05:30  WARN 23548 --- [notification-service] [           main] trationDelegate$BeanPostProcessorChecker : Bean 'org.springframework.cloud.client.loadbalancer.LoadBalancerAutoConfiguration$DeferringLoadBalancerInterceptorConfig' of type [org.springframework.cloud.client.loadbalancer.LoadBalancerAutoConfiguration$DeferringLoadBalancerInterceptorConfig] is not eligible for getting processed by all BeanPostProcessors (for example: not eligible for auto-proxying). The currently created BeanPostProcessor [lbRestClientPostProcessor] is declared through a non-static factory method on that class; consider declaring it as static instead.
2026-05-07T12:50:13.047+05:30  WARN 23548 --- [notification-service] [           main] trationDelegate$BeanPostProcessorChecker : Bean 'deferringLoadBalancerInterceptor' of type [org.springframework.cloud.client.loadbalancer.DeferringLoadBalancerInterceptor] is not eligible for getting processed by all BeanPostProcessors (for example: not eligible for auto-proxying). Is this bean getting eagerly injected into a currently created BeanPostProcessor [lbRestClientPostProcessor]? Check the corresponding BeanPostProcessor declaration and its dependencies.
2026-05-07T12:50:13.505+05:30  INFO 23548 --- [notification-service] [           main] o.s.b.w.embedded.tomcat.TomcatWebServer  : Tomcat initialized with port 8084 (http)
2026-05-07T12:50:13.542+05:30  INFO 23548 --- [notification-service] [           main] o.apache.catalina.core.StandardService   : Starting service [Tomcat]
2026-05-07T12:50:13.543+05:30  INFO 23548 --- [notification-service] [           main] o.apache.catalina.core.StandardEngine    : Starting Servlet engine: [Apache Tomcat/10.1.20]
2026-05-07T12:50:13.623+05:30  INFO 23548 --- [notification-service] [           main] o.a.c.c.C.[Tomcat].[localhost].[/]       : Initializing Spring embedded WebApplicationContext
2026-05-07T12:50:13.626+05:30  INFO 23548 --- [notification-service] [           main] w.s.c.ServletWebServerApplicationContext : Root WebApplicationContext: initialization completed in 2124 ms
2026-05-07T12:50:13.993+05:30  INFO 23548 --- [notification-service] [           main] o.hibernate.jpa.internal.util.LogHelper  : HHH000204: Processing PersistenceUnitInfo [name: default]
2026-05-07T12:50:14.167+05:30  INFO 23548 --- [notification-service] [           main] org.hibernate.Version                    : HHH000412: Hibernate ORM core version 6.4.4.Final
2026-05-07T12:50:14.281+05:30  INFO 23548 --- [notification-service] [           main] o.h.c.internal.RegionFactoryInitiator    : HHH000026: Second-level cache disabled
2026-05-07T12:50:14.968+05:30  INFO 23548 --- [notification-service] [           main] o.s.o.j.p.SpringPersistenceUnitInfo      : No LoadTimeWeaver setup: ignoring JPA class transformer
2026-05-07T12:50:15.047+05:30  INFO 23548 --- [notification-service] [           main] com.zaxxer.hikari.HikariDataSource       : HikariPool-1 - Starting...
2026-05-07T12:50:15.814+05:30  INFO 23548 --- [notification-service] [           main] com.zaxxer.hikari.pool.HikariPool        : HikariPool-1 - Added connection com.mysql.cj.jdbc.ConnectionImpl@21c34bf8
2026-05-07T12:50:15.820+05:30  INFO 23548 --- [notification-service] [           main] com.zaxxer.hikari.HikariDataSource       : HikariPool-1 - Start completed.
2026-05-07T12:50:17.477+05:30  INFO 23548 --- [notification-service] [           main] o.h.e.t.j.p.i.JtaPlatformInitiator       : HHH000489: No JTA platform available (set 'hibernate.transaction.jta.platform' to enable JTA platform integration)
2026-05-07T12:50:17.544+05:30  INFO 23548 --- [notification-service] [           main] j.LocalContainerEntityManagerFactoryBean : Initialized JPA EntityManagerFactory for persistence unit 'default'
2026-05-07T12:50:19.165+05:30  WARN 23548 --- [notification-service] [           main] JpaBaseConfiguration$JpaWebConfiguration : spring.jpa.open-in-view is enabled by default. Therefore, database queries may be performed during view rendering. Explicitly configure spring.jpa.open-in-view to disable this warning
2026-05-07T12:50:20.262+05:30  INFO 23548 --- [notification-service] [           main] DiscoveryClientOptionalArgsConfiguration : Eureka HTTP Client uses RestTemplate.
2026-05-07T12:50:20.426+05:30  WARN 23548 --- [notification-service] [           main] iguration$LoadBalancerCaffeineWarnLogger : Spring Cloud LoadBalancer is currently working with the default cache. While this cache implementation is useful for development and tests, it's recommended to use Caffeine cache in production.You can switch to using Caffeine cache, by adding it and org.springframework.cache.caffeine.CaffeineCacheManager to the classpath.
2026-05-07T12:50:20.545+05:30  INFO 23548 --- [notification-service] [           main] o.s.c.n.eureka.InstanceInfoFactory       : Setting initial instance status as: STARTING
2026-05-07T12:50:20.999+05:30  INFO 23548 --- [notification-service] [           main] com.netflix.discovery.DiscoveryClient    : Initializing Eureka in region us-east-1
2026-05-07T12:50:21.018+05:30  INFO 23548 --- [notification-service] [           main] c.n.d.s.r.aws.ConfigClusterResolver      : Resolving eureka endpoints via configuration
2026-05-07T12:50:21.097+05:30  INFO 23548 --- [notification-service] [           main] com.netflix.discovery.DiscoveryClient    : Disable delta property : false
2026-05-07T12:50:21.099+05:30  INFO 23548 --- [notification-service] [           main] com.netflix.discovery.DiscoveryClient    : Single vip registry refresh property : null
2026-05-07T12:50:21.100+05:30  INFO 23548 --- [notification-service] [           main] com.netflix.discovery.DiscoveryClient    : Force full registry fetch : false
2026-05-07T12:50:21.101+05:30  INFO 23548 --- [notification-service] [           main] com.netflix.discovery.DiscoveryClient    : Application is null : false
2026-05-07T12:50:21.101+05:30  INFO 23548 --- [notification-service] [           main] com.netflix.discovery.DiscoveryClient    : Registered Applications size is zero : true
2026-05-07T12:50:21.101+05:30  INFO 23548 --- [notification-service] [           main] com.netflix.discovery.DiscoveryClient    : Application version is -1: true
2026-05-07T12:50:21.102+05:30  INFO 23548 --- [notification-service] [           main] com.netflix.discovery.DiscoveryClient    : Getting all instance registry info from the eureka server
2026-05-07T12:50:21.801+05:30  INFO 23548 --- [notification-service] [           main] com.netflix.discovery.DiscoveryClient    : The response status is 200
2026-05-07T12:50:21.809+05:30  INFO 23548 --- [notification-service] [           main] com.netflix.discovery.DiscoveryClient    : Starting heartbeat executor: renew interval is: 30
2026-05-07T12:50:21.823+05:30  INFO 23548 --- [notification-service] [           main] c.n.discovery.InstanceInfoReplicator     : InstanceInfoReplicator onDemand update allowed rate per min is 4
2026-05-07T12:50:21.833+05:30  INFO 23548 --- [notification-service] [           main] com.netflix.discovery.DiscoveryClient    : Discovery Client initialized at timestamp 1778138421832 with initial instances count: 9
2026-05-07T12:50:21.839+05:30  INFO 23548 --- [notification-service] [           main] o.s.c.n.e.s.EurekaServiceRegistry        : Registering application NOTIFICATION-SERVICE with eureka with status UP
2026-05-07T12:50:21.840+05:30  INFO 23548 --- [notification-service] [           main] com.netflix.discovery.DiscoveryClient    : Saw local status change event StatusChangeEvent [timestamp=1778138421840, current=UP, previous=STARTING]
2026-05-07T12:50:21.848+05:30  INFO 23548 --- [notification-service] [nfoReplicator-0] com.netflix.discovery.DiscoveryClient    : DiscoveryClient_NOTIFICATION-SERVICE/localhost:notification-service:8084: registering service...
2026-05-07T12:50:21.916+05:30  INFO 23548 --- [notification-service] [           main] o.s.b.w.embedded.tomcat.TomcatWebServer  : Tomcat started on port 8084 (http) with context path ''
2026-05-07T12:50:21.919+05:30  INFO 23548 --- [notification-service] [           main] .s.c.n.e.s.EurekaAutoServiceRegistration : Updating port to 8084
2026-05-07T12:50:21.933+05:30  INFO 23548 --- [notification-service] [           main] o.s.m.s.s.StompBrokerRelayMessageHandler : Starting...
2026-05-07T12:50:21.951+05:30  INFO 23548 --- [notification-service] [nfoReplicator-0] com.netflix.discovery.DiscoveryClient    : DiscoveryClient_NOTIFICATION-SERVICE/localhost:notification-service:8084 - registration status: 204
2026-05-07T12:50:22.496+05:30  INFO 23548 --- [notification-service] [           main] o.s.m.s.s.StompBrokerRelayMessageHandler : Starting "system" session, StompBrokerRelay[ReactorNettyTcpClient[reactor.netty.tcp.TcpClientConnect@5c934077]]
2026-05-07T12:50:22.766+05:30  INFO 23548 --- [notification-service] [           main] o.s.m.s.s.StompBrokerRelayMessageHandler : Started.
2026-05-07T12:50:22.772+05:30  INFO 23548 --- [notification-service] [           main] o.s.a.r.c.CachingConnectionFactory       : Attempting to connect to: [localhost:5672]
2026-05-07T12:50:22.903+05:30  INFO 23548 --- [notification-service] [           main] o.s.a.r.c.CachingConnectionFactory       : Created new connection: rabbitConnectionFactory#1f3310fc:0/SimpleConnection@66c18b9b [delegate=amqp://guest@127.0.0.1:5672/, localPort=51975]
2026-05-07T12:50:23.067+05:30  INFO 23548 --- [notification-service] [ent-scheduler-3] o.s.m.s.s.StompBrokerRelayMessageHandler : "System" session connected.
2026-05-07T12:50:23.074+05:30  INFO 23548 --- [notification-service] [           main] c.f.n.NotificationServiceApplication     : Started NotificationServiceApplication in 12.117 seconds (process running for 12.655)
2026-05-07T12:50:23.079+05:30  INFO 23548 --- [notification-service] [ent-scheduler-3] o.s.m.s.s.StompBrokerRelayMessageHandler : BrokerAvailabilityEvent[available=true, StompBrokerRelay[ReactorNettyTcpClient[reactor.netty.tcp.TcpClientConnect@5c934077]]]
2026-05-07T12:51:20.468+05:30  INFO 23548 --- [notification-service] [MessageBroker-1] o.s.w.s.c.WebSocketMessageBrokerStats    : WebSocketSession[0 current WS(0)-HttpStream(0)-HttpPoll(0), 0 total, 0 closed abnormally (0 connect failure, 0 send limit, 0 transport error)], stompSubProtocol[processed CONNECT(0)-CONNECTED(0)-DISCONNECT(0)], stompBrokerRelay[1 sessions, ReactorNettyTcpClient[reactor.netty.tcp.TcpClientConnect@5c934077] (available), processed CONNECT(1)-CONNECTED(1)-DISCONNECT(0)], inboundChannel[pool size = 0, active threads = 0, queued tasks = 0, completed tasks = 0], outboundChannel[pool size = 0, active threads = 0, queued tasks = 0, completed tasks = 0], sockJsScheduler[pool size = 1, active threads = 1, queued tasks = 0, completed tasks = 0]
2026-05-07T12:55:21.118+05:30  INFO 23548 --- [notification-service] [trap-executor-0] c.n.d.s.r.aws.ConfigClusterResolver      : Resolving eureka endpoints via configuration
2026-05-07T12:56:19.381+05:30  INFO 23548 --- [notification-service] [ent-scheduler-3] o.s.m.s.s.StompBrokerRelayMessageHandler : TCP connection failure in session _system_: Transport failure: An established connection was aborted by the software in your host machine

java.io.IOException: An established connection was aborted by the software in your host machine
	at java.base/sun.nio.ch.SocketDispatcher.read0(Native Method) ~[na:na]
	at java.base/sun.nio.ch.SocketDispatcher.read(SocketDispatcher.java:46) ~[na:na]
	at java.base/sun.nio.ch.IOUtil.readIntoNativeBuffer(IOUtil.java:341) ~[na:na]
	at java.base/sun.nio.ch.IOUtil.read(IOUtil.java:295) ~[na:na]
	at java.base/sun.nio.ch.IOUtil.read(IOUtil.java:270) ~[na:na]
	at java.base/sun.nio.ch.SocketChannelImpl.implRead(SocketChannelImpl.java:426) ~[na:na]
	at java.base/sun.nio.ch.SocketChannelImpl.read(SocketChannelImpl.java:493) ~[na:na]
	at io.netty.buffer.PooledByteBuf.setBytes(PooledByteBuf.java:255) ~[netty-buffer-4.1.109.Final.jar!/:4.1.109.Final]
	at io.netty.buffer.AbstractByteBuf.writeBytes(AbstractByteBuf.java:1132) ~[netty-buffer-4.1.109.Final.jar!/:4.1.109.Final]
	at io.netty.channel.socket.nio.NioSocketChannel.doReadBytes(NioSocketChannel.java:357) ~[netty-transport-4.1.109.Final.jar!/:4.1.109.Final]
	at io.netty.channel.nio.AbstractNioByteChannel$NioByteUnsafe.read(AbstractNioByteChannel.java:151) ~[netty-transport-4.1.109.Final.jar!/:4.1.109.Final]
	at io.netty.channel.nio.NioEventLoop.processSelectedKey(NioEventLoop.java:788) ~[netty-transport-4.1.109.Final.jar!/:4.1.109.Final]
	at io.netty.channel.nio.NioEventLoop.processSelectedKeysOptimized(NioEventLoop.java:724) ~[netty-transport-4.1.109.Final.jar!/:4.1.109.Final]
	at io.netty.channel.nio.NioEventLoop.processSelectedKeys(NioEventLoop.java:650) ~[netty-transport-4.1.109.Final.jar!/:4.1.109.Final]
	at io.netty.channel.nio.NioEventLoop.run(NioEventLoop.java:562) ~[netty-transport-4.1.109.Final.jar!/:4.1.109.Final]
	at io.netty.util.concurrent.SingleThreadEventExecutor$4.run(SingleThreadEventExecutor.java:997) ~[netty-common-4.1.109.Final.jar!/:4.1.109.Final]
	at io.netty.util.internal.ThreadExecutorMap$2.run(ThreadExecutorMap.java:74) ~[netty-common-4.1.109.Final.jar!/:4.1.109.Final]
	at io.netty.util.concurrent.FastThreadLocalRunnable.run(FastThreadLocalRunnable.java:30) ~[netty-common-4.1.109.Final.jar!/:4.1.109.Final]
	at java.base/java.lang.Thread.run(Thread.java:1575) ~[na:na]

2026-05-07T12:56:19.395+05:30  INFO 23548 --- [notification-service] [ent-scheduler-3] o.s.m.s.s.StompBrokerRelayMessageHandler : BrokerAvailabilityEvent[available=false, StompBrokerRelay[ReactorNettyTcpClient[reactor.netty.tcp.TcpClientConnect@5c934077]]]
2026-05-07T12:56:19.449+05:30  INFO 23548 --- [notification-service] [ent-scheduler-6] o.s.m.s.s.StompBrokerRelayMessageHandler : "System" session connected.
2026-05-07T12:56:19.452+05:30  INFO 23548 --- [notification-service] [ent-scheduler-6] o.s.m.s.s.StompBrokerRelayMessageHandler : BrokerAvailabilityEvent[available=true, StompBrokerRelay[ReactorNettyTcpClient[reactor.netty.tcp.TcpClientConnect@5c934077]]]
2026-05-07T12:56:23.127+05:30  WARN 23548 --- [notification-service] [l-1 housekeeper] com.zaxxer.hikari.pool.HikariPool        : HikariPool-1 - Thread starvation or clock leap detected (housekeeper delta=1m7s113ms109µs300ns).
2026-05-07T12:58:45.833+05:30  INFO 23548 --- [notification-service] [nio-8084-exec-1] o.a.c.c.C.[Tomcat].[localhost].[/]       : Initializing Spring DispatcherServlet 'dispatcherServlet'
2026-05-07T12:58:45.834+05:30  INFO 23548 --- [notification-service] [nio-8084-exec-1] o.s.web.servlet.DispatcherServlet        : Initializing Servlet 'dispatcherServlet'
2026-05-07T12:58:45.837+05:30  INFO 23548 --- [notification-service] [nio-8084-exec-1] o.s.web.servlet.DispatcherServlet        : Completed initialization in 3 ms
Hibernate: select count(n1_0.notification_id) from notifications n1_0 where n1_0.recipient_id=? and n1_0.is_read=?
Hibernate: select count(n1_0.notification_id) from notifications n1_0 where n1_0.recipient_id=? and n1_0.is_read=?
2026-05-07T13:00:58.233+05:30  INFO 23548 --- [notification-service] [trap-executor-0] c.n.d.s.r.aws.ConfigClusterResolver      : Resolving eureka endpoints via configuration
2026-05-07T13:05:58.241+05:30  INFO 23548 --- [notification-service] [trap-executor-0] c.n.d.s.r.aws.ConfigClusterResolver      : Resolving eureka endpoints via configuration
